// Jest Snapshot v1, https://goo.gl/fbAQLP

exports[`Pruebas en el archivo <AppPropTypes.js/>  should de mostrar <AppPropTypes.js/> correctamente 1`] = `
<div>
  <h1>
     hola mundo 
  </h1>
  <h2>
     Saludo: 
  </h2>
  <h4>
     
    Hola, soy goku
     
  </h4>
  <p>
     Estos son los PropTypes 
  </p>
</div>
`;
